// Vitest Snapshot v1, https://vitest.dev/guide/snapshot.html

exports[`TimeslotsController > OAS3 > should generate the expected OpenAPI document 1`] = `
{
  "components": {
    "schemas": {
      "Forbidden": {
        "properties": {
          "errors": {
            "description": "A list of related errors",
            "items": {
              "$ref": "#/components/schemas/GenericError",
            },
            "type": "array",
          },
          "message": {
            "description": "An error message",
            "minLength": 1,
            "type": "string",
          },
          "name": {
            "default": "FORBIDDEN",
            "description": "The error name",
            "example": "FORBIDDEN",
            "minLength": 1,
            "type": "string",
          },
          "stack": {
            "description": "The stack trace (only in development mode)",
            "type": "string",
          },
          "status": {
            "default": 403,
            "description": "The status code of the exception",
            "example": 403,
            "type": "number",
          },
        },
        "required": [
          "name",
          "message",
          "status",
        ],
        "type": "object",
      },
      "GenericError": {
        "additionalProperties": true,
        "properties": {
          "message": {
            "description": "An error message",
            "minLength": 1,
            "type": "string",
          },
          "name": {
            "description": "The error name",
            "minLength": 1,
            "type": "string",
          },
        },
        "required": [
          "name",
          "message",
        ],
        "type": "object",
      },
      "NotFound": {
        "properties": {
          "errors": {
            "description": "A list of related errors",
            "items": {
              "$ref": "#/components/schemas/GenericError",
            },
            "type": "array",
          },
          "message": {
            "description": "An error message",
            "minLength": 1,
            "type": "string",
          },
          "name": {
            "default": "NOT_FOUND",
            "description": "The error name",
            "example": "NOT_FOUND",
            "minLength": 1,
            "type": "string",
          },
          "stack": {
            "description": "The stack trace (only in development mode)",
            "type": "string",
          },
          "status": {
            "default": 404,
            "description": "The status code of the exception",
            "example": 404,
            "type": "number",
          },
        },
        "required": [
          "name",
          "message",
          "status",
        ],
        "type": "object",
      },
      "Timeslot": {
        "properties": {
          "created_at": {
            "format": "date-time",
            "minLength": 1,
            "type": "string",
          },
          "description": {
            "default": "",
            "description": "Activity or Dresscode in HTML format",
            "maxLength": 500,
            "minLength": undefined,
            "type": "string",
          },
          "end_date": {
            "format": "date-time",
            "minLength": 1,
            "type": "string",
          },
          "id": {
            "format": "uuid",
            "minLength": 1,
            "type": "string",
          },
          "label": {
            "example": "Hiking",
            "maxLength": 100,
            "minLength": 3,
            "type": "string",
          },
          "start_date": {
            "format": "date-time",
            "minLength": 1,
            "type": "string",
          },
          "updated_at": {
            "format": "date-time",
            "minLength": 1,
            "type": "string",
          },
        },
        "required": [
          "created_at",
          "updated_at",
          "start_date",
          "end_date",
          "label",
          "description",
        ],
        "type": "object",
      },
      "TimeslotCreate": {
        "properties": {
          "description": {
            "default": "",
            "description": "Activity or Dresscode in HTML format",
            "maxLength": 500,
            "minLength": undefined,
            "type": "string",
          },
          "end_date": {
            "format": "date-time",
            "minLength": 1,
            "type": "string",
          },
          "id": {
            "format": "uuid",
            "minLength": 1,
            "type": "string",
          },
          "label": {
            "example": "Hiking",
            "maxLength": 100,
            "minLength": 3,
            "type": "string",
          },
          "start_date": {
            "format": "date-time",
            "minLength": 1,
            "type": "string",
          },
        },
        "required": [
          "start_date",
          "end_date",
          "label",
          "description",
        ],
        "type": "object",
      },
      "TimeslotUpdate": {
        "properties": {
          "description": {
            "default": "",
            "description": "Activity or Dresscode in HTML format",
            "maxLength": 500,
            "minLength": undefined,
            "type": "string",
          },
          "end_date": {
            "format": "date-time",
            "minLength": 1,
            "type": "string",
          },
          "id": {
            "format": "uuid",
            "minLength": 1,
            "type": "string",
          },
          "label": {
            "example": "Hiking",
            "maxLength": 100,
            "minLength": 3,
            "type": "string",
          },
          "start_date": {
            "format": "date-time",
            "minLength": 1,
            "type": "string",
          },
        },
        "required": [
          "id",
          "start_date",
          "end_date",
          "label",
          "description",
        ],
        "type": "object",
      },
      "Unauthorized": {
        "properties": {
          "errors": {
            "description": "A list of related errors",
            "items": {
              "$ref": "#/components/schemas/GenericError",
            },
            "type": "array",
          },
          "message": {
            "description": "An error message",
            "minLength": 1,
            "type": "string",
          },
          "name": {
            "default": "UNAUTHORIZED",
            "description": "The error name",
            "example": "UNAUTHORIZED",
            "minLength": 1,
            "type": "string",
          },
          "stack": {
            "description": "The stack trace (only in development mode)",
            "type": "string",
          },
          "status": {
            "default": 401,
            "description": "The status code of the exception",
            "example": 401,
            "type": "number",
          },
        },
        "required": [
          "name",
          "message",
          "status",
        ],
        "type": "object",
      },
    },
  },
  "paths": {
    "/timeslots": {
      "get": {
        "operationId": "timeslotsControllerGetTimeslots",
        "parameters": [],
        "responses": {
          "200": {
            "content": {
              "application/json": {
                "schema": {
                  "items": {
                    "$ref": "#/components/schemas/Timeslot",
                  },
                  "type": "array",
                },
              },
            },
            "description": "Success",
          },
          "401": {
            "content": {
              "application/json": {
                "schema": {
                  "$ref": "#/components/schemas/Unauthorized",
                },
              },
            },
            "description": "Unauthorized",
          },
          "403": {
            "content": {
              "application/json": {
                "schema": {
                  "$ref": "#/components/schemas/Forbidden",
                },
              },
            },
            "description": "Forbidden",
          },
        },
        "security": [
          {
            "BearerJWT": [
              "timeslots",
            ],
          },
        ],
        "tags": [
          "TimeslotsController",
        ],
      },
      "post": {
        "operationId": "timeslotsControllerCreateTimeslot",
        "parameters": [],
        "requestBody": {
          "content": {
            "application/json": {
              "schema": {
                "$ref": "#/components/schemas/TimeslotCreate",
              },
            },
          },
          "required": false,
        },
        "responses": {
          "201": {
            "content": {
              "application/json": {
                "schema": {
                  "$ref": "#/components/schemas/Timeslot",
                },
              },
            },
            "description": "Created",
          },
          "401": {
            "content": {
              "application/json": {
                "schema": {
                  "$ref": "#/components/schemas/Unauthorized",
                },
              },
            },
            "description": "Unauthorized",
          },
          "403": {
            "content": {
              "application/json": {
                "schema": {
                  "$ref": "#/components/schemas/Forbidden",
                },
              },
            },
            "description": "Forbidden",
          },
        },
        "security": [
          {
            "BearerJWT": [
              "timeslots",
            ],
          },
        ],
        "tags": [
          "TimeslotsController",
        ],
      },
    },
    "/timeslots/{id}": {
      "delete": {
        "operationId": "timeslotsControllerDeleteTimeslot",
        "parameters": [
          {
            "in": "path",
            "name": "id",
            "required": true,
            "schema": {
              "format": "uuid",
              "type": "string",
            },
          },
        ],
        "responses": {
          "204": {
            "description": "No Content",
          },
          "401": {
            "content": {
              "application/json": {
                "schema": {
                  "$ref": "#/components/schemas/Unauthorized",
                },
              },
            },
            "description": "Unauthorized",
          },
          "403": {
            "content": {
              "application/json": {
                "schema": {
                  "$ref": "#/components/schemas/Forbidden",
                },
              },
            },
            "description": "Forbidden",
          },
          "404": {
            "content": {
              "application/json": {
                "schema": {
                  "$ref": "#/components/schemas/NotFound",
                },
              },
            },
            "description": "Timeslot not found",
          },
        },
        "security": [
          {
            "BearerJWT": [
              "timeslots",
            ],
          },
        ],
        "tags": [
          "TimeslotsController",
        ],
      },
      "get": {
        "operationId": "timeslotsControllerGetTimeslotById",
        "parameters": [
          {
            "in": "path",
            "name": "id",
            "required": true,
            "schema": {
              "format": "uuid",
              "type": "string",
            },
          },
        ],
        "responses": {
          "200": {
            "content": {
              "application/json": {
                "schema": {
                  "$ref": "#/components/schemas/Timeslot",
                },
              },
            },
            "description": "Success",
          },
          "401": {
            "content": {
              "application/json": {
                "schema": {
                  "$ref": "#/components/schemas/Unauthorized",
                },
              },
            },
            "description": "Unauthorized",
          },
          "403": {
            "content": {
              "application/json": {
                "schema": {
                  "$ref": "#/components/schemas/Forbidden",
                },
              },
            },
            "description": "Forbidden",
          },
          "404": {
            "content": {
              "application/json": {
                "schema": {
                  "$ref": "#/components/schemas/NotFound",
                },
              },
            },
            "description": "Timeslot not found",
          },
        },
        "security": [
          {
            "BearerJWT": [
              "timeslots",
            ],
          },
        ],
        "tags": [
          "TimeslotsController",
        ],
      },
      "put": {
        "operationId": "timeslotsControllerUpdateTimeslot",
        "parameters": [
          {
            "in": "path",
            "name": "id",
            "required": true,
            "schema": {
              "format": "uuid",
              "type": "string",
            },
          },
        ],
        "requestBody": {
          "content": {
            "application/json": {
              "schema": {
                "$ref": "#/components/schemas/TimeslotUpdate",
              },
            },
          },
          "required": false,
        },
        "responses": {
          "200": {
            "content": {
              "application/json": {
                "schema": {
                  "$ref": "#/components/schemas/Timeslot",
                },
              },
            },
            "description": "Success",
          },
          "401": {
            "content": {
              "application/json": {
                "schema": {
                  "$ref": "#/components/schemas/Unauthorized",
                },
              },
            },
            "description": "Unauthorized",
          },
          "403": {
            "content": {
              "application/json": {
                "schema": {
                  "$ref": "#/components/schemas/Forbidden",
                },
              },
            },
            "description": "Forbidden",
          },
          "404": {
            "content": {
              "application/json": {
                "schema": {
                  "$ref": "#/components/schemas/NotFound",
                },
              },
            },
            "description": "Timeslot not found",
          },
        },
        "security": [
          {
            "BearerJWT": [
              "timeslots",
            ],
          },
        ],
        "tags": [
          "TimeslotsController",
        ],
      },
    },
  },
  "tags": [
    {
      "name": "TimeslotsController",
    },
  ],
}
`;
